Using pre-set license
Built from '2020.2/staging' branch; Version is '2020.2.7f1 (c53830e277f1) revision 12924976'; Using compiler version '192528614'; Build Type 'Release'
OS: 'Windows 10 Pro; OS build 19045.6466; Version 2009; 64bit' Language: 'en' Physical Memory: 8125 MB
BatchMode: 1, IsHumanControllingUs: 0, StartBugReporterOnCrash: 0, Is64bit: 1, IsPro: 0

 COMMAND LINE ARGUMENTS:
C:\Program Files\Unity\Editor\Unity.exe
-adb2
-batchMode
-noUpm
-name
AssetImportWorker5
-projectPath
D:/Downloads/Documents/2025/Game Dev/Puti RPG
-logFile
Logs/AssetImportWorker5.log
-srvPort
21017
Successfully changed project path to: D:/Downloads/Documents/2025/Game Dev/Puti RPG
D:/Downloads/Documents/2025/Game Dev/Puti RPG
Using Asset Import Pipeline V2.
Refreshing native plugins compatible for Editor in 138.84 ms, found 1 plugins.
Preloading 0 native plugins for Editor in 0.00 ms.
Initialize engine version: 2020.2.7f1 (c53830e277f1)
[Subsystems] Discovering subsystems at path C:/Program Files/Unity/Editor/Data/Resources/UnitySubsystems
[Subsystems] Discovering subsystems at path D:/Downloads/Documents/2025/Game Dev/Puti RPG/Assets
GfxDevice: creating device client; threaded=0
Direct3D:
    Version:  Direct3D 11.0 [level 11.0]
    Renderer: AMD Radeon HD 7570M (ID=0x6841)
    Vendor:   
    VRAM:     1004 MB
    Driver:   15.201.1301.0
Initialize mono
Mono path[0] = 'C:/Program Files/Unity/Editor/Data/Managed'
Mono path[1] = 'C:/Program Files/Unity/Editor/Data/MonoBleedingEdge/lib/mono/unityjit'
Mono config path = 'C:/Program Files/Unity/Editor/Data/MonoBleedingEdge/etc'
Using monoOptions --debugger-agent=transport=dt_socket,embedding=1,server=y,suspend=n,address=127.0.0.1:56888
Begin MonoManager ReloadAssembly
Registering precompiled unity dll's ...
Register platform support module: C:/Program Files/Unity/Editor/Data/PlaybackEngines/WindowsStandaloneSupport/UnityEditor.WindowsStandalone.Extensions.dll
Registered in 0.022655 seconds.
Native extension for WindowsStandalone target not found
Refreshing native plugins compatible for Editor in 54.74 ms, found 1 plugins.
Preloading 0 native plugins for Editor in 0.00 ms.
Invoked RoslynAnalysisRunner static constructor.
RoslynAnalysisRunner will not be running.
RoslynAnalysisRunner has terminated.
Mono: successfully reloaded assembly
- Completed reload, in  2.027 seconds
Platform modules already initialized, skipping
Registering precompiled user dll's ...
Registered in 0.001223 seconds.
Begin MonoManager ReloadAssembly
Native extension for WindowsStandalone target not found
Refreshing native plugins compatible for Editor in 120.12 ms, found 1 plugins.
Preloading 0 native plugins for Editor in 0.00 ms.
Invoked RoslynAnalysisRunner static constructor.
RoslynAnalysisRunner will not be running.
RoslynAnalysisRunner has terminated.
Mono: successfully reloaded assembly
- Completed reload, in  1.640 seconds
Platform modules already initialized, skipping
========================================================================
Worker process is ready to serve import requests
Launched and connected shader compiler UnityShaderCompiler.exe after 0.10 seconds
Refreshing native plugins compatible for Editor in 0.46 ms, found 1 plugins.
Preloading 0 native plugins for Editor in 0.00 ms.
Unloading 1893 Unused Serialized files (Serialized files now loaded: 0)
System memory in use before: 86.7 MB.
System memory in use after: 86.7 MB.

Unloading 24 unused Assets to reduce memory usage. Loaded Objects now: 2337.
Total: 90.386800 ms (FindLiveObjects: 0.303600 ms CreateObjectMapping: 87.611600 ms MarkObjects: 2.299400 ms  DeleteObjects: 0.170100 ms)

========================================================================
Received Import Request.
  path: Assets/Scenes/Boss_Village/Boss_Village.unity
  artifactKey: Guid(78bf049e4586efa4d801c3b06ed48556) Importer(815301076,1909f56bfc062723c751e8b465ee728b)
Start importing Assets/Scenes/Boss_Village/Boss_Village.unity using Guid(78bf049e4586efa4d801c3b06ed48556) Importer(815301076,1909f56bfc062723c751e8b465ee728b)  -> (artifact id: '5b2e73c3fe58d0e7fab1e9c7b9efea15') in 0.029318 seconds
  Import took 0.038966 seconds .

========================================================================
Received Prepare
Registering precompiled user dll's ...
Registered in 0.001758 seconds.
Begin MonoManager ReloadAssembly
Native extension for WindowsStandalone target not found
Refreshing native plugins compatible for Editor in 0.47 ms, found 1 plugins.
Preloading 0 native plugins for Editor in 0.00 ms.
Invoked RoslynAnalysisRunner static constructor.
RoslynAnalysisRunner will not be running.
RoslynAnalysisRunner has terminated.
Mono: successfully reloaded assembly
- Completed reload, in  1.350 seconds
Platform modules already initialized, skipping
Refreshing native plugins compatible for Editor in 0.81 ms, found 1 plugins.
Preloading 0 native plugins for Editor in 0.00 ms.
Unloading 1888 Unused Serialized files (Serialized files now loaded: 0)
System memory in use before: 86.7 MB.
System memory in use after: 86.7 MB.

Unloading 12 unused Assets to reduce memory usage. Loaded Objects now: 2341.
Total: 5.159400 ms (FindLiveObjects: 0.372700 ms CreateObjectMapping: 0.105900 ms MarkObjects: 4.374500 ms  DeleteObjects: 0.303000 ms)

========================================================================
Received Import Request.
  Time since last request: 151.669188 seconds.
  path: Assets/Scenes/Boss_Village/Boss_Village.unity
  artifactKey: Guid(78bf049e4586efa4d801c3b06ed48556) Importer(815301076,1909f56bfc062723c751e8b465ee728b)
Start importing Assets/Scenes/Boss_Village/Boss_Village.unity using Guid(78bf049e4586efa4d801c3b06ed48556) Importer(815301076,1909f56bfc062723c751e8b465ee728b)  -> (artifact id: '8317f242cb046c11a4c70c04050e4151') in 0.022132 seconds
  Import took 0.037128 seconds .

========================================================================
Received Prepare
Registering precompiled user dll's ...
Registered in 0.001095 seconds.
Begin MonoManager ReloadAssembly
Native extension for WindowsStandalone target not found
Refreshing native plugins compatible for Editor in 0.51 ms, found 1 plugins.
Preloading 0 native plugins for Editor in 0.00 ms.
Invoked RoslynAnalysisRunner static constructor.
RoslynAnalysisRunner will not be running.
RoslynAnalysisRunner has terminated.
Mono: successfully reloaded assembly
- Completed reload, in  1.594 seconds
Platform modules already initialized, skipping
Refreshing native plugins compatible for Editor in 0.76 ms, found 1 plugins.
Preloading 0 native plugins for Editor in 0.00 ms.
Unloading 1888 Unused Serialized files (Serialized files now loaded: 0)
System memory in use before: 86.8 MB.
System memory in use after: 86.8 MB.

Unloading 12 unused Assets to reduce memory usage. Loaded Objects now: 2345.
Total: 4.160900 ms (FindLiveObjects: 0.557100 ms CreateObjectMapping: 0.274400 ms MarkObjects: 3.142700 ms  DeleteObjects: 0.184100 ms)

========================================================================
Received Import Request.
  Time since last request: 1903.600676 seconds.
  path: Assets/Scenes/Boss_Village/Boss_Village.unity
  artifactKey: Guid(78bf049e4586efa4d801c3b06ed48556) Importer(815301076,1909f56bfc062723c751e8b465ee728b)
Start importing Assets/Scenes/Boss_Village/Boss_Village.unity using Guid(78bf049e4586efa4d801c3b06ed48556) Importer(815301076,1909f56bfc062723c751e8b465ee728b)  -> (artifact id: '34266e0aa303bc89f311a15179052e21') in 0.023514 seconds
  Import took 0.116813 seconds .

========================================================================
Received Prepare
Registering precompiled user dll's ...
Registered in 0.001378 seconds.
Begin MonoManager ReloadAssembly
Native extension for WindowsStandalone target not found
Refreshing native plugins compatible for Editor in 0.48 ms, found 1 plugins.
Preloading 0 native plugins for Editor in 0.00 ms.
Invoked RoslynAnalysisRunner static constructor.
RoslynAnalysisRunner will not be running.
RoslynAnalysisRunner has terminated.
Mono: successfully reloaded assembly
- Completed reload, in  1.544 seconds
Platform modules already initialized, skipping
Refreshing native plugins compatible for Editor in 0.47 ms, found 1 plugins.
Preloading 0 native plugins for Editor in 0.00 ms.
Unloading 1888 Unused Serialized files (Serialized files now loaded: 0)
System memory in use before: 86.8 MB.
System memory in use after: 86.8 MB.

Unloading 12 unused Assets to reduce memory usage. Loaded Objects now: 2349.
Total: 4.320500 ms (FindLiveObjects: 0.401200 ms CreateObjectMapping: 0.107700 ms MarkObjects: 3.567600 ms  DeleteObjects: 0.241000 ms)

========================================================================
Received Import Request.
  Time since last request: 1391.284402 seconds.
  path: Assets/Scenes/Boss_Village/Boss_Village.unity
  artifactKey: Guid(78bf049e4586efa4d801c3b06ed48556) Importer(815301076,1909f56bfc062723c751e8b465ee728b)
Start importing Assets/Scenes/Boss_Village/Boss_Village.unity using Guid(78bf049e4586efa4d801c3b06ed48556) Importer(815301076,1909f56bfc062723c751e8b465ee728b)  -> (artifact id: '316e12c3f7f8b2a90884191835da3421') in 0.020481 seconds
  Import took 0.044568 seconds .

========================================================================
Received Prepare
Registering precompiled user dll's ...
Registered in 0.001138 seconds.
Begin MonoManager ReloadAssembly
Native extension for WindowsStandalone target not found
Refreshing native plugins compatible for Editor in 0.48 ms, found 1 plugins.
Preloading 0 native plugins for Editor in 0.00 ms.
Invoked RoslynAnalysisRunner static constructor.
RoslynAnalysisRunner will not be running.
RoslynAnalysisRunner has terminated.
Mono: successfully reloaded assembly
- Completed reload, in  1.113 seconds
Platform modules already initialized, skipping
Refreshing native plugins compatible for Editor in 0.74 ms, found 1 plugins.
Preloading 0 native plugins for Editor in 0.00 ms.
Unloading 1888 Unused Serialized files (Serialized files now loaded: 0)
System memory in use before: 86.8 MB.
System memory in use after: 86.8 MB.

Unloading 12 unused Assets to reduce memory usage. Loaded Objects now: 2353.
Total: 2.998700 ms (FindLiveObjects: 0.321300 ms CreateObjectMapping: 0.144900 ms MarkObjects: 2.346500 ms  DeleteObjects: 0.183000 ms)

========================================================================
Received Import Request.
  Time since last request: 521.590981 seconds.
  path: Assets/Scenes/Boss_Village/Boss_Village.unity
  artifactKey: Guid(78bf049e4586efa4d801c3b06ed48556) Importer(815301076,1909f56bfc062723c751e8b465ee728b)
Start importing Assets/Scenes/Boss_Village/Boss_Village.unity using Guid(78bf049e4586efa4d801c3b06ed48556) Importer(815301076,1909f56bfc062723c751e8b465ee728b)  -> (artifact id: '5450440713e2a1a64c7db89be6951b5c') in 0.020913 seconds
  Import took 0.035692 seconds .

========================================================================
Received Import Request.
  Time since last request: 357.981375 seconds.
  path: Assets/Scripts/Boss/Combat
  artifactKey: Guid(baace1ecd7e97a74081cd11b5762ff29) Importer(815301076,1909f56bfc062723c751e8b465ee728b)
Start importing Assets/Scripts/Boss/Combat using Guid(baace1ecd7e97a74081cd11b5762ff29) Importer(815301076,1909f56bfc062723c751e8b465ee728b)  -> (artifact id: 'ae6b33c5670db2c4635136d5a066d327') in 0.015751 seconds
  Import took 0.112063 seconds .

========================================================================
Received Import Request.
  Time since last request: 17.266781 seconds.
  path: Assets/Scripts/Boss/Combat/BossCombatController.cs
  artifactKey: Guid(d22e638cc1c821944ac3ac6fac9899db) Importer(815301076,1909f56bfc062723c751e8b465ee728b)
Start importing Assets/Scripts/Boss/Combat/BossCombatController.cs using Guid(d22e638cc1c821944ac3ac6fac9899db) Importer(815301076,1909f56bfc062723c751e8b465ee728b)  -> (artifact id: '52346aea2c6fb8ec2a0dbf46e923a55f') in 0.358842 seconds
  Import took 0.372802 seconds .

========================================================================
Received Prepare
Registering precompiled user dll's ...
Registered in 0.001915 seconds.
Begin MonoManager ReloadAssembly
Native extension for WindowsStandalone target not found
Refreshing native plugins compatible for Editor in 0.51 ms, found 1 plugins.
Preloading 0 native plugins for Editor in 0.00 ms.
Invoked RoslynAnalysisRunner static constructor.
RoslynAnalysisRunner will not be running.
RoslynAnalysisRunner has terminated.
Mono: successfully reloaded assembly
- Completed reload, in  1.588 seconds
Platform modules already initialized, skipping
Refreshing native plugins compatible for Editor in 0.50 ms, found 1 plugins.
Preloading 0 native plugins for Editor in 0.00 ms.
Unloading 1889 Unused Serialized files (Serialized files now loaded: 0)
System memory in use before: 86.9 MB.
System memory in use after: 86.9 MB.

Unloading 12 unused Assets to reduce memory usage. Loaded Objects now: 2358.
Total: 2.544500 ms (FindLiveObjects: 0.226900 ms CreateObjectMapping: 0.082800 ms MarkObjects: 2.084300 ms  DeleteObjects: 0.147600 ms)

========================================================================
Received Prepare
Registering precompiled user dll's ...
Registered in 0.001396 seconds.
Begin MonoManager ReloadAssembly
Native extension for WindowsStandalone target not found
Refreshing native plugins compatible for Editor in 0.48 ms, found 1 plugins.
Preloading 0 native plugins for Editor in 0.00 ms.
Invoked RoslynAnalysisRunner static constructor.
RoslynAnalysisRunner will not be running.
RoslynAnalysisRunner has terminated.
Mono: successfully reloaded assembly
- Completed reload, in  1.182 seconds
Platform modules already initialized, skipping
Refreshing native plugins compatible for Editor in 0.48 ms, found 1 plugins.
Preloading 0 native plugins for Editor in 0.00 ms.
Unloading 1889 Unused Serialized files (Serialized files now loaded: 0)
System memory in use before: 86.9 MB.
System memory in use after: 86.9 MB.

Unloading 12 unused Assets to reduce memory usage. Loaded Objects now: 2362.
Total: 3.788800 ms (FindLiveObjects: 0.343000 ms CreateObjectMapping: 0.093700 ms MarkObjects: 3.142000 ms  DeleteObjects: 0.207400 ms)

========================================================================
Received Import Request.
  Time since last request: 26.913846 seconds.
  path: Assets/Scripts/Boss/Combat/BossCombatController.cs
  artifactKey: Guid(d22e638cc1c821944ac3ac6fac9899db) Importer(815301076,1909f56bfc062723c751e8b465ee728b)
Start importing Assets/Scripts/Boss/Combat/BossCombatController.cs using Guid(d22e638cc1c821944ac3ac6fac9899db) Importer(815301076,1909f56bfc062723c751e8b465ee728b)  -> (artifact id: 'a97b1da21245ac549f44d7d8ba63c07b') in 0.007928 seconds
  Import took 0.060755 seconds .

========================================================================
Received Prepare
Registering precompiled user dll's ...
Registered in 0.001624 seconds.
Begin MonoManager ReloadAssembly
Native extension for WindowsStandalone target not found
Refreshing native plugins compatible for Editor in 0.77 ms, found 1 plugins.
Preloading 0 native plugins for Editor in 0.00 ms.
Invoked RoslynAnalysisRunner static constructor.
RoslynAnalysisRunner will not be running.
RoslynAnalysisRunner has terminated.
Mono: successfully reloaded assembly
- Completed reload, in  2.024 seconds
Platform modules already initialized, skipping
Refreshing native plugins compatible for Editor in 0.88 ms, found 1 plugins.
Preloading 0 native plugins for Editor in 0.00 ms.
Unloading 1889 Unused Serialized files (Serialized files now loaded: 0)
System memory in use before: 86.9 MB.
System memory in use after: 86.9 MB.

Unloading 12 unused Assets to reduce memory usage. Loaded Objects now: 2366.
Total: 3.956700 ms (FindLiveObjects: 0.391500 ms CreateObjectMapping: 0.110900 ms MarkObjects: 3.230700 ms  DeleteObjects: 0.220500 ms)

AssetImportWorkerClient::OnTransportError - code=2 error=End of file
