Using pre-set license
Built from '2020.2/staging' branch; Version is '2020.2.7f1 (c53830e277f1) revision 12924976'; Using compiler version '192528614'; Build Type 'Release'
OS: 'Windows 10 Pro; OS build 19045.6466; Version 2009; 64bit' Language: 'en' Physical Memory: 8125 MB
BatchMode: 1, IsHumanControllingUs: 0, StartBugReporterOnCrash: 0, Is64bit: 1, IsPro: 0

 COMMAND LINE ARGUMENTS:
C:\Program Files\Unity\Editor\Unity.exe
-adb2
-batchMode
-noUpm
-name
AssetImportWorker1
-projectPath
D:/Downloads/Documents/2025/Game Dev/Puti RPG
-logFile
Logs/AssetImportWorker1.log
-srvPort
23647
Successfully changed project path to: D:/Downloads/Documents/2025/Game Dev/Puti RPG
D:/Downloads/Documents/2025/Game Dev/Puti RPG
Using Asset Import Pipeline V2.
Refreshing native plugins compatible for Editor in 53.83 ms, found 1 plugins.
Preloading 0 native plugins for Editor in 0.00 ms.
Initialize engine version: 2020.2.7f1 (c53830e277f1)
[Subsystems] Discovering subsystems at path C:/Program Files/Unity/Editor/Data/Resources/UnitySubsystems
[Subsystems] Discovering subsystems at path D:/Downloads/Documents/2025/Game Dev/Puti RPG/Assets
GfxDevice: creating device client; threaded=0
Direct3D:
    Version:  Direct3D 11.0 [level 11.0]
    Renderer: AMD Radeon HD 7570M (ID=0x6841)
    Vendor:   
    VRAM:     1004 MB
    Driver:   15.201.1301.0
Initialize mono
Mono path[0] = 'C:/Program Files/Unity/Editor/Data/Managed'
Mono path[1] = 'C:/Program Files/Unity/Editor/Data/MonoBleedingEdge/lib/mono/unityjit'
Mono config path = 'C:/Program Files/Unity/Editor/Data/MonoBleedingEdge/etc'
Using monoOptions --debugger-agent=transport=dt_socket,embedding=1,server=y,suspend=n,address=127.0.0.1:56076
Begin MonoManager ReloadAssembly
Registering precompiled unity dll's ...
Register platform support module: C:/Program Files/Unity/Editor/Data/PlaybackEngines/WindowsStandaloneSupport/UnityEditor.WindowsStandalone.Extensions.dll
Registered in 0.002753 seconds.
Native extension for WindowsStandalone target not found
Refreshing native plugins compatible for Editor in 56.89 ms, found 1 plugins.
Preloading 0 native plugins for Editor in 0.00 ms.
Invoked RoslynAnalysisRunner static constructor.
RoslynAnalysisRunner will not be running.
RoslynAnalysisRunner has terminated.
Mono: successfully reloaded assembly
- Completed reload, in  1.527 seconds
Platform modules already initialized, skipping
Registering precompiled user dll's ...
Registered in 0.001033 seconds.
Begin MonoManager ReloadAssembly
Native extension for WindowsStandalone target not found
Refreshing native plugins compatible for Editor in 74.37 ms, found 1 plugins.
Preloading 0 native plugins for Editor in 0.00 ms.
Invoked RoslynAnalysisRunner static constructor.
RoslynAnalysisRunner will not be running.
RoslynAnalysisRunner has terminated.
Mono: successfully reloaded assembly
- Completed reload, in  1.429 seconds
Platform modules already initialized, skipping
========================================================================
Worker process is ready to serve import requests
Launched and connected shader compiler UnityShaderCompiler.exe after 0.13 seconds
Refreshing native plugins compatible for Editor in 0.68 ms, found 1 plugins.
Preloading 0 native plugins for Editor in 0.00 ms.
Unloading 1893 Unused Serialized files (Serialized files now loaded: 0)
System memory in use before: 86.7 MB.
System memory in use after: 86.7 MB.

Unloading 24 unused Assets to reduce memory usage. Loaded Objects now: 2337.
Total: 2.466100 ms (FindLiveObjects: 0.254300 ms CreateObjectMapping: 0.083700 ms MarkObjects: 1.958200 ms  DeleteObjects: 0.167800 ms)

========================================================================
Received Import Request.
  path: Assets/Scripts/Boss/Components/BossHealthTest.cs
  artifactKey: Guid(d439d5e59e6f0474fabcd016dc214448) Importer(815301076,1909f56bfc062723c751e8b465ee728b)
Start importing Assets/Scripts/Boss/Components/BossHealthTest.cs using Guid(d439d5e59e6f0474fabcd016dc214448) Importer(815301076,1909f56bfc062723c751e8b465ee728b)  -> (artifact id: 'de9670e9129c2b5127d038d65f20ef64') in 0.266107 seconds
  Import took 0.270972 seconds .

========================================================================
Received Prepare
Registering precompiled user dll's ...
Registered in 0.001135 seconds.
Begin MonoManager ReloadAssembly
Native extension for WindowsStandalone target not found
Refreshing native plugins compatible for Editor in 0.77 ms, found 1 plugins.
Preloading 0 native plugins for Editor in 0.00 ms.
Invoked RoslynAnalysisRunner static constructor.
RoslynAnalysisRunner will not be running.
RoslynAnalysisRunner has terminated.
Mono: successfully reloaded assembly
- Completed reload, in  2.261 seconds
Platform modules already initialized, skipping
Refreshing native plugins compatible for Editor in 0.82 ms, found 1 plugins.
Preloading 0 native plugins for Editor in 0.00 ms.
Unloading 1888 Unused Serialized files (Serialized files now loaded: 0)
System memory in use before: 86.7 MB.
System memory in use after: 86.7 MB.

Unloading 12 unused Assets to reduce memory usage. Loaded Objects now: 2341.
Total: 4.143800 ms (FindLiveObjects: 0.388600 ms CreateObjectMapping: 0.103100 ms MarkObjects: 3.425700 ms  DeleteObjects: 0.223100 ms)

========================================================================
Received Import Request.
  Time since last request: 53.392319 seconds.
  path: Assets/Scripts/Boss/Components/BossHealthTest.cs
  artifactKey: Guid(d439d5e59e6f0474fabcd016dc214448) Importer(815301076,1909f56bfc062723c751e8b465ee728b)
Start importing Assets/Scripts/Boss/Components/BossHealthTest.cs using Guid(d439d5e59e6f0474fabcd016dc214448) Importer(815301076,1909f56bfc062723c751e8b465ee728b)  -> (artifact id: '349fe35da35a6c710d7a58de71d2a7f3') in 0.008471 seconds
  Import took 0.021604 seconds .

========================================================================
Received Prepare
Registering precompiled user dll's ...
Registered in 0.007876 seconds.
Begin MonoManager ReloadAssembly
Native extension for WindowsStandalone target not found
Refreshing native plugins compatible for Editor in 0.87 ms, found 1 plugins.
Preloading 0 native plugins for Editor in 0.00 ms.
Invoked RoslynAnalysisRunner static constructor.
RoslynAnalysisRunner will not be running.
RoslynAnalysisRunner has terminated.
Mono: successfully reloaded assembly
- Completed reload, in  2.883 seconds
Platform modules already initialized, skipping
Refreshing native plugins compatible for Editor in 0.97 ms, found 1 plugins.
Preloading 0 native plugins for Editor in 0.00 ms.
Unloading 1888 Unused Serialized files (Serialized files now loaded: 0)
System memory in use before: 86.7 MB.
System memory in use after: 86.7 MB.

Unloading 12 unused Assets to reduce memory usage. Loaded Objects now: 2345.
Total: 34.317400 ms (FindLiveObjects: 2.722400 ms CreateObjectMapping: 0.999800 ms MarkObjects: 30.340800 ms  DeleteObjects: 0.250300 ms)

========================================================================
Received Import Request.
  Time since last request: 327.574018 seconds.
  path: Assets/Scenes/Boss_Village/Boss_Village.unity
  artifactKey: Guid(78bf049e4586efa4d801c3b06ed48556) Importer(815301076,1909f56bfc062723c751e8b465ee728b)
Start importing Assets/Scenes/Boss_Village/Boss_Village.unity using Guid(78bf049e4586efa4d801c3b06ed48556) Importer(815301076,1909f56bfc062723c751e8b465ee728b)  -> (artifact id: 'ba2944cb018fe23d39cc2a0795f90a64') in 1.293780 seconds
  Import took 1.300698 seconds .

========================================================================
Received Import Request.
  Time since last request: 9.419968 seconds.
  path: ProjectSettings/TagManager.asset
  artifactKey: Guid(00000000000000003000000000000000) Importer(815301076,1909f56bfc062723c751e8b465ee728b)
Start importing ProjectSettings/TagManager.asset using Guid(00000000000000003000000000000000) Importer(815301076,1909f56bfc062723c751e8b465ee728b)  -> (artifact id: 'f736365ac478d17348b08259e2258131') in 0.184637 seconds
  Import took 0.342946 seconds .

========================================================================
Received Import Request.
  Time since last request: 229.498969 seconds.
  path: ProjectSettings/TagManager.asset
  artifactKey: Guid(00000000000000003000000000000000) Importer(815301076,1909f56bfc062723c751e8b465ee728b)
Start importing ProjectSettings/TagManager.asset using Guid(00000000000000003000000000000000) Importer(815301076,1909f56bfc062723c751e8b465ee728b)  -> (artifact id: '7629404ded393d7b4eff812a7117abb4') in 0.003689 seconds
  Import took 0.061079 seconds .

========================================================================
Received Import Request.
  Time since last request: 574.954641 seconds.
  path: Assets/Scenes/Boss_Village/Boss_Village.unity
  artifactKey: Guid(78bf049e4586efa4d801c3b06ed48556) Importer(815301076,1909f56bfc062723c751e8b465ee728b)
Start importing Assets/Scenes/Boss_Village/Boss_Village.unity using Guid(78bf049e4586efa4d801c3b06ed48556) Importer(815301076,1909f56bfc062723c751e8b465ee728b)  -> (artifact id: 'e3c82af3e26a0565280a3f70576059f1') in 0.029860 seconds
  Import took 0.143954 seconds .

========================================================================
Received Prepare
Registering precompiled user dll's ...
Registered in 0.001023 seconds.
Begin MonoManager ReloadAssembly
Native extension for WindowsStandalone target not found
Refreshing native plugins compatible for Editor in 0.79 ms, found 1 plugins.
Preloading 0 native plugins for Editor in 0.00 ms.
Invoked RoslynAnalysisRunner static constructor.
RoslynAnalysisRunner will not be running.
RoslynAnalysisRunner has terminated.
Mono: successfully reloaded assembly
- Completed reload, in  1.925 seconds
Platform modules already initialized, skipping
Refreshing native plugins compatible for Editor in 0.53 ms, found 1 plugins.
Preloading 0 native plugins for Editor in 0.00 ms.
Unloading 1888 Unused Serialized files (Serialized files now loaded: 0)
System memory in use before: 86.8 MB.
System memory in use after: 86.8 MB.

Unloading 14 unused Assets to reduce memory usage. Loaded Objects now: 2349.
Total: 4.669900 ms (FindLiveObjects: 0.411900 ms CreateObjectMapping: 0.177500 ms MarkObjects: 3.821000 ms  DeleteObjects: 0.256500 ms)

========================================================================
Received Prepare
Registering precompiled user dll's ...
Registered in 0.001321 seconds.
Begin MonoManager ReloadAssembly
Native extension for WindowsStandalone target not found
Refreshing native plugins compatible for Editor in 0.56 ms, found 1 plugins.
Preloading 0 native plugins for Editor in 0.00 ms.
Invoked RoslynAnalysisRunner static constructor.
RoslynAnalysisRunner will not be running.
RoslynAnalysisRunner has terminated.
Mono: successfully reloaded assembly
- Completed reload, in  1.149 seconds
Platform modules already initialized, skipping
Refreshing native plugins compatible for Editor in 0.71 ms, found 1 plugins.
Preloading 0 native plugins for Editor in 0.00 ms.
Unloading 1888 Unused Serialized files (Serialized files now loaded: 0)
System memory in use before: 86.8 MB.
System memory in use after: 86.8 MB.

Unloading 12 unused Assets to reduce memory usage. Loaded Objects now: 2353.
Total: 4.524600 ms (FindLiveObjects: 0.373600 ms CreateObjectMapping: 0.094500 ms MarkObjects: 3.853400 ms  DeleteObjects: 0.200100 ms)

========================================================================
Received Prepare
Registering precompiled user dll's ...
Registered in 0.001048 seconds.
Begin MonoManager ReloadAssembly
Native extension for WindowsStandalone target not found
Refreshing native plugins compatible for Editor in 0.46 ms, found 1 plugins.
Preloading 0 native plugins for Editor in 0.00 ms.
Invoked RoslynAnalysisRunner static constructor.
RoslynAnalysisRunner will not be running.
RoslynAnalysisRunner has terminated.
Mono: successfully reloaded assembly
- Completed reload, in  1.260 seconds
Platform modules already initialized, skipping
Refreshing native plugins compatible for Editor in 0.47 ms, found 1 plugins.
Preloading 0 native plugins for Editor in 0.00 ms.
Unloading 1888 Unused Serialized files (Serialized files now loaded: 0)
System memory in use before: 86.8 MB.
System memory in use after: 86.8 MB.

Unloading 12 unused Assets to reduce memory usage. Loaded Objects now: 2357.
Total: 6.531400 ms (FindLiveObjects: 0.352500 ms CreateObjectMapping: 0.099600 ms MarkObjects: 5.834400 ms  DeleteObjects: 0.242800 ms)

========================================================================
Received Import Request.
  Time since last request: 1188.927648 seconds.
  path: Assets/Scripts/Player/Combat/PlayerAttackController.cs
  artifactKey: Guid(af09f48c5f5d808409067d2989aee379) Importer(815301076,1909f56bfc062723c751e8b465ee728b)
Start importing Assets/Scripts/Player/Combat/PlayerAttackController.cs using Guid(af09f48c5f5d808409067d2989aee379) Importer(815301076,1909f56bfc062723c751e8b465ee728b)  -> (artifact id: '1ab37f30ee7c5cb356dade5e862c5a8a') in 0.060176 seconds
  Import took 0.064989 seconds .

========================================================================
Received Prepare
Registering precompiled user dll's ...
Registered in 0.001133 seconds.
Begin MonoManager ReloadAssembly
Native extension for WindowsStandalone target not found
Refreshing native plugins compatible for Editor in 0.88 ms, found 1 plugins.
Preloading 0 native plugins for Editor in 0.00 ms.
Invoked RoslynAnalysisRunner static constructor.
RoslynAnalysisRunner will not be running.
RoslynAnalysisRunner has terminated.
Mono: successfully reloaded assembly
- Completed reload, in  1.270 seconds
Platform modules already initialized, skipping
Refreshing native plugins compatible for Editor in 0.62 ms, found 1 plugins.
Preloading 0 native plugins for Editor in 0.00 ms.
Unloading 1888 Unused Serialized files (Serialized files now loaded: 0)
System memory in use before: 86.8 MB.
System memory in use after: 86.8 MB.

Unloading 12 unused Assets to reduce memory usage. Loaded Objects now: 2361.
Total: 4.018100 ms (FindLiveObjects: 0.482100 ms CreateObjectMapping: 0.121900 ms MarkObjects: 3.200600 ms  DeleteObjects: 0.210800 ms)

========================================================================
Received Prepare
Registering precompiled user dll's ...
Registered in 0.001048 seconds.
Begin MonoManager ReloadAssembly
Native extension for WindowsStandalone target not found
Refreshing native plugins compatible for Editor in 0.50 ms, found 1 plugins.
Preloading 0 native plugins for Editor in 0.00 ms.
Invoked RoslynAnalysisRunner static constructor.
RoslynAnalysisRunner will not be running.
RoslynAnalysisRunner has terminated.
Mono: successfully reloaded assembly
- Completed reload, in  1.448 seconds
Platform modules already initialized, skipping
Refreshing native plugins compatible for Editor in 0.50 ms, found 1 plugins.
Preloading 0 native plugins for Editor in 0.00 ms.
Unloading 1888 Unused Serialized files (Serialized files now loaded: 0)
System memory in use before: 86.8 MB.
System memory in use after: 86.8 MB.

Unloading 12 unused Assets to reduce memory usage. Loaded Objects now: 2365.
Total: 2.844100 ms (FindLiveObjects: 0.225000 ms CreateObjectMapping: 0.097400 ms MarkObjects: 2.349100 ms  DeleteObjects: 0.170300 ms)

========================================================================
Received Import Request.
  Time since last request: 547.885073 seconds.
  path: Assets/Scenes/Boss_Village/Boss_Village.unity
  artifactKey: Guid(78bf049e4586efa4d801c3b06ed48556) Importer(815301076,1909f56bfc062723c751e8b465ee728b)
Start importing Assets/Scenes/Boss_Village/Boss_Village.unity using Guid(78bf049e4586efa4d801c3b06ed48556) Importer(815301076,1909f56bfc062723c751e8b465ee728b)  -> (artifact id: 'ca073eb0c6235c6edaaf54cf7b2df19c') in 0.024565 seconds
  Import took 0.032309 seconds .

========================================================================
Received Prepare
Registering precompiled user dll's ...
Registered in 0.001097 seconds.
Begin MonoManager ReloadAssembly
Native extension for WindowsStandalone target not found
Refreshing native plugins compatible for Editor in 0.73 ms, found 1 plugins.
Preloading 0 native plugins for Editor in 0.00 ms.
Invoked RoslynAnalysisRunner static constructor.
RoslynAnalysisRunner will not be running.
RoslynAnalysisRunner has terminated.
Mono: successfully reloaded assembly
- Completed reload, in  1.371 seconds
Platform modules already initialized, skipping
Refreshing native plugins compatible for Editor in 0.81 ms, found 1 plugins.
Preloading 0 native plugins for Editor in 0.00 ms.
Unloading 1888 Unused Serialized files (Serialized files now loaded: 0)
System memory in use before: 86.8 MB.
System memory in use after: 86.8 MB.

Unloading 12 unused Assets to reduce memory usage. Loaded Objects now: 2369.
Total: 4.278800 ms (FindLiveObjects: 0.367600 ms CreateObjectMapping: 0.113600 ms MarkObjects: 3.565600 ms  DeleteObjects: 0.229800 ms)

========================================================================
Received Import Request.
  Time since last request: 251.550974 seconds.
  path: Assets/Scenes/Boss_Village/Boss_Village.unity
  artifactKey: Guid(78bf049e4586efa4d801c3b06ed48556) Importer(815301076,1909f56bfc062723c751e8b465ee728b)
Start importing Assets/Scenes/Boss_Village/Boss_Village.unity using Guid(78bf049e4586efa4d801c3b06ed48556) Importer(815301076,1909f56bfc062723c751e8b465ee728b)  -> (artifact id: 'e0cc201910d77a11ab362296df862dad') in 0.016364 seconds
  Import took 0.022313 seconds .

========================================================================
Received Import Request.
  Time since last request: 0.002706 seconds.
  path: Assets/Scenes/Boss_Village/Boss_Village.unity
  artifactKey: Guid(78bf049e4586efa4d801c3b06ed48556) Importer(815301076,1909f56bfc062723c751e8b465ee728b)
Start importing Assets/Scenes/Boss_Village/Boss_Village.unity using Guid(78bf049e4586efa4d801c3b06ed48556) Importer(815301076,1909f56bfc062723c751e8b465ee728b)  -> (artifact id: 'e0cc201910d77a11ab362296df862dad') in 0.003677 seconds
  Import took 0.009322 seconds .

========================================================================
Received Prepare
Registering precompiled user dll's ...
Registered in 0.001078 seconds.
Begin MonoManager ReloadAssembly
Native extension for WindowsStandalone target not found
Refreshing native plugins compatible for Editor in 0.73 ms, found 1 plugins.
Preloading 0 native plugins for Editor in 0.00 ms.
Invoked RoslynAnalysisRunner static constructor.
RoslynAnalysisRunner will not be running.
RoslynAnalysisRunner has terminated.
Mono: successfully reloaded assembly
- Completed reload, in  1.169 seconds
Platform modules already initialized, skipping
Refreshing native plugins compatible for Editor in 0.47 ms, found 1 plugins.
Preloading 0 native plugins for Editor in 0.00 ms.
Unloading 1888 Unused Serialized files (Serialized files now loaded: 0)
System memory in use before: 86.9 MB.
System memory in use after: 86.8 MB.

Unloading 12 unused Assets to reduce memory usage. Loaded Objects now: 2373.
Total: 3.683200 ms (FindLiveObjects: 0.337000 ms CreateObjectMapping: 0.101000 ms MarkObjects: 3.031500 ms  DeleteObjects: 0.211500 ms)

========================================================================
Received Import Request.
  Time since last request: 39.333492 seconds.
  path: Assets/Scenes/Boss_Village/Boss_Village.unity
  artifactKey: Guid(78bf049e4586efa4d801c3b06ed48556) Importer(815301076,1909f56bfc062723c751e8b465ee728b)
Start importing Assets/Scenes/Boss_Village/Boss_Village.unity using Guid(78bf049e4586efa4d801c3b06ed48556) Importer(815301076,1909f56bfc062723c751e8b465ee728b)  -> (artifact id: '5e2e9b8a10841058d86d282bc9b74e1c') in 0.015997 seconds
  Import took 0.022847 seconds .

========================================================================
Received Import Request.
  Time since last request: 0.005465 seconds.
  path: Assets/Scenes/Boss_Village/Boss_Village.unity
  artifactKey: Guid(78bf049e4586efa4d801c3b06ed48556) Importer(815301076,1909f56bfc062723c751e8b465ee728b)
Start importing Assets/Scenes/Boss_Village/Boss_Village.unity using Guid(78bf049e4586efa4d801c3b06ed48556) Importer(815301076,1909f56bfc062723c751e8b465ee728b)  -> (artifact id: '5e2e9b8a10841058d86d282bc9b74e1c') in 0.004848 seconds
  Import took 0.010121 seconds .

========================================================================
Received Prepare
Registering precompiled user dll's ...
Registered in 0.001037 seconds.
Begin MonoManager ReloadAssembly
Native extension for WindowsStandalone target not found
Refreshing native plugins compatible for Editor in 0.49 ms, found 1 plugins.
Preloading 0 native plugins for Editor in 0.00 ms.
Invoked RoslynAnalysisRunner static constructor.
RoslynAnalysisRunner will not be running.
RoslynAnalysisRunner has terminated.
Mono: successfully reloaded assembly
- Completed reload, in  1.393 seconds
Platform modules already initialized, skipping
Refreshing native plugins compatible for Editor in 0.75 ms, found 1 plugins.
Preloading 0 native plugins for Editor in 0.00 ms.
Unloading 1888 Unused Serialized files (Serialized files now loaded: 0)
System memory in use before: 86.9 MB.
System memory in use after: 86.9 MB.

Unloading 12 unused Assets to reduce memory usage. Loaded Objects now: 2377.
Total: 4.309500 ms (FindLiveObjects: 0.368300 ms CreateObjectMapping: 0.114500 ms MarkObjects: 3.602900 ms  DeleteObjects: 0.220500 ms)

========================================================================
Received Prepare
Registering precompiled user dll's ...
Registered in 0.001798 seconds.
Begin MonoManager ReloadAssembly
Native extension for WindowsStandalone target not found
Refreshing native plugins compatible for Editor in 0.49 ms, found 1 plugins.
Preloading 0 native plugins for Editor in 0.00 ms.
Invoked RoslynAnalysisRunner static constructor.
RoslynAnalysisRunner will not be running.
RoslynAnalysisRunner has terminated.
Mono: successfully reloaded assembly
- Completed reload, in  1.141 seconds
Platform modules already initialized, skipping
Refreshing native plugins compatible for Editor in 0.47 ms, found 1 plugins.
Preloading 0 native plugins for Editor in 0.00 ms.
Unloading 1888 Unused Serialized files (Serialized files now loaded: 0)
System memory in use before: 86.9 MB.
System memory in use after: 86.9 MB.

Unloading 12 unused Assets to reduce memory usage. Loaded Objects now: 2381.
Total: 3.546300 ms (FindLiveObjects: 0.333200 ms CreateObjectMapping: 0.095800 ms MarkObjects: 2.918200 ms  DeleteObjects: 0.195800 ms)

========================================================================
Received Import Request.
  Time since last request: 73.530562 seconds.
  path: Assets/Scenes/Boss_Village/Boss_Village.unity
  artifactKey: Guid(78bf049e4586efa4d801c3b06ed48556) Importer(815301076,1909f56bfc062723c751e8b465ee728b)
Start importing Assets/Scenes/Boss_Village/Boss_Village.unity using Guid(78bf049e4586efa4d801c3b06ed48556) Importer(815301076,1909f56bfc062723c751e8b465ee728b)  -> (artifact id: '19056497b73d54e7cca05767a52dbafa') in 0.015649 seconds
  Import took 0.021540 seconds .

========================================================================
Received Import Request.
  Time since last request: 0.003642 seconds.
  path: Assets/Scenes/Boss_Village/Boss_Village.unity
  artifactKey: Guid(78bf049e4586efa4d801c3b06ed48556) Importer(815301076,1909f56bfc062723c751e8b465ee728b)
Start importing Assets/Scenes/Boss_Village/Boss_Village.unity using Guid(78bf049e4586efa4d801c3b06ed48556) Importer(815301076,1909f56bfc062723c751e8b465ee728b)  -> (artifact id: '19056497b73d54e7cca05767a52dbafa') in 0.003432 seconds
  Import took 0.008702 seconds .

========================================================================
Received Prepare
Registering precompiled user dll's ...
Registered in 0.001055 seconds.
Begin MonoManager ReloadAssembly
Native extension for WindowsStandalone target not found
Refreshing native plugins compatible for Editor in 0.53 ms, found 1 plugins.
Preloading 0 native plugins for Editor in 0.00 ms.
Invoked RoslynAnalysisRunner static constructor.
RoslynAnalysisRunner will not be running.
RoslynAnalysisRunner has terminated.
Mono: successfully reloaded assembly
- Completed reload, in  1.404 seconds
Platform modules already initialized, skipping
Refreshing native plugins compatible for Editor in 0.83 ms, found 1 plugins.
Preloading 0 native plugins for Editor in 0.00 ms.
Unloading 1888 Unused Serialized files (Serialized files now loaded: 0)
System memory in use before: 86.9 MB.
System memory in use after: 86.9 MB.

Unloading 12 unused Assets to reduce memory usage. Loaded Objects now: 2385.
Total: 4.959800 ms (FindLiveObjects: 0.682800 ms CreateObjectMapping: 0.237500 ms MarkObjects: 3.872500 ms  DeleteObjects: 0.164400 ms)

========================================================================
Received Prepare
Registering precompiled user dll's ...
Registered in 0.001116 seconds.
Begin MonoManager ReloadAssembly
Native extension for WindowsStandalone target not found
Refreshing native plugins compatible for Editor in 0.47 ms, found 1 plugins.
Preloading 0 native plugins for Editor in 0.00 ms.
Invoked RoslynAnalysisRunner static constructor.
RoslynAnalysisRunner will not be running.
RoslynAnalysisRunner has terminated.
Mono: successfully reloaded assembly
- Completed reload, in  1.154 seconds
Platform modules already initialized, skipping
Refreshing native plugins compatible for Editor in 0.50 ms, found 1 plugins.
Preloading 0 native plugins for Editor in 0.00 ms.
Unloading 1888 Unused Serialized files (Serialized files now loaded: 0)
System memory in use before: 86.9 MB.
System memory in use after: 86.9 MB.

Unloading 12 unused Assets to reduce memory usage. Loaded Objects now: 2389.
Total: 2.629600 ms (FindLiveObjects: 0.272900 ms CreateObjectMapping: 0.082700 ms MarkObjects: 2.115300 ms  DeleteObjects: 0.156600 ms)

========================================================================
Received Import Request.
  Time since last request: 130.535219 seconds.
  path: Assets/Scenes/Boss_Village/Boss_Village.unity
  artifactKey: Guid(78bf049e4586efa4d801c3b06ed48556) Importer(815301076,1909f56bfc062723c751e8b465ee728b)
Start importing Assets/Scenes/Boss_Village/Boss_Village.unity using Guid(78bf049e4586efa4d801c3b06ed48556) Importer(815301076,1909f56bfc062723c751e8b465ee728b)  -> (artifact id: '1ca63bbd9aebcc38aa52334a8b96801e') in 0.023819 seconds
  Import took 0.109042 seconds .

========================================================================
Received Prepare
Registering precompiled user dll's ...
Registered in 0.001056 seconds.
Begin MonoManager ReloadAssembly
Native extension for WindowsStandalone target not found
Refreshing native plugins compatible for Editor in 0.74 ms, found 1 plugins.
Preloading 0 native plugins for Editor in 0.00 ms.
Invoked RoslynAnalysisRunner static constructor.
RoslynAnalysisRunner will not be running.
RoslynAnalysisRunner has terminated.
Mono: successfully reloaded assembly
- Completed reload, in  1.220 seconds
Platform modules already initialized, skipping
Refreshing native plugins compatible for Editor in 0.49 ms, found 1 plugins.
Preloading 0 native plugins for Editor in 0.00 ms.
Unloading 1888 Unused Serialized files (Serialized files now loaded: 0)
System memory in use before: 86.9 MB.
System memory in use after: 86.9 MB.

Unloading 12 unused Assets to reduce memory usage. Loaded Objects now: 2393.
Total: 2.889900 ms (FindLiveObjects: 0.337200 ms CreateObjectMapping: 0.094200 ms MarkObjects: 2.288600 ms  DeleteObjects: 0.167300 ms)

========================================================================
Received Import Request.
  Time since last request: 32.206407 seconds.
  path: Assets/Scenes/Boss_Village/Boss_Village.unity
  artifactKey: Guid(78bf049e4586efa4d801c3b06ed48556) Importer(815301076,1909f56bfc062723c751e8b465ee728b)
Start importing Assets/Scenes/Boss_Village/Boss_Village.unity using Guid(78bf049e4586efa4d801c3b06ed48556) Importer(815301076,1909f56bfc062723c751e8b465ee728b)  -> (artifact id: 'f0d987fba50b43d1d4f61ea08bef4163') in 0.020375 seconds
  Import took 0.073004 seconds .

========================================================================
Received Prepare
Registering precompiled user dll's ...
Registered in 0.001069 seconds.
Begin MonoManager ReloadAssembly
Native extension for WindowsStandalone target not found
Refreshing native plugins compatible for Editor in 0.50 ms, found 1 plugins.
Preloading 0 native plugins for Editor in 0.00 ms.
Invoked RoslynAnalysisRunner static constructor.
RoslynAnalysisRunner will not be running.
RoslynAnalysisRunner has terminated.
Mono: successfully reloaded assembly
- Completed reload, in  1.213 seconds
Platform modules already initialized, skipping
Refreshing native plugins compatible for Editor in 0.47 ms, found 1 plugins.
Preloading 0 native plugins for Editor in 0.00 ms.
Unloading 1888 Unused Serialized files (Serialized files now loaded: 0)
System memory in use before: 86.9 MB.
System memory in use after: 86.9 MB.

Unloading 12 unused Assets to reduce memory usage. Loaded Objects now: 2397.
Total: 2.582000 ms (FindLiveObjects: 0.255600 ms CreateObjectMapping: 0.085600 ms MarkObjects: 2.089900 ms  DeleteObjects: 0.148700 ms)

========================================================================
Received Import Request.
  Time since last request: 37.346843 seconds.
  path: Assets/Scenes/Boss_Village/Boss_Village.unity
  artifactKey: Guid(78bf049e4586efa4d801c3b06ed48556) Importer(815301076,1909f56bfc062723c751e8b465ee728b)
Start importing Assets/Scenes/Boss_Village/Boss_Village.unity using Guid(78bf049e4586efa4d801c3b06ed48556) Importer(815301076,1909f56bfc062723c751e8b465ee728b)  -> (artifact id: '8bf2c4d5ac0d759e14c74360e51c8efb') in 0.016931 seconds
  Import took 0.183500 seconds .

========================================================================
Received Prepare
Registering precompiled user dll's ...
Registered in 0.001053 seconds.
Begin MonoManager ReloadAssembly
Native extension for WindowsStandalone target not found
Refreshing native plugins compatible for Editor in 0.48 ms, found 1 plugins.
Preloading 0 native plugins for Editor in 0.00 ms.
Invoked RoslynAnalysisRunner static constructor.
RoslynAnalysisRunner will not be running.
RoslynAnalysisRunner has terminated.
Mono: successfully reloaded assembly
- Completed reload, in  1.173 seconds
Platform modules already initialized, skipping
Refreshing native plugins compatible for Editor in 0.77 ms, found 1 plugins.
Preloading 0 native plugins for Editor in 0.00 ms.
Unloading 1888 Unused Serialized files (Serialized files now loaded: 0)
System memory in use before: 86.9 MB.
System memory in use after: 86.9 MB.

Unloading 12 unused Assets to reduce memory usage. Loaded Objects now: 2401.
Total: 4.224600 ms (FindLiveObjects: 0.363600 ms CreateObjectMapping: 0.105400 ms MarkObjects: 3.539400 ms  DeleteObjects: 0.213100 ms)

========================================================================
Received Import Request.
  Time since last request: 24.355308 seconds.
  path: Assets/Scenes/Boss_Village/Boss_Village.unity
  artifactKey: Guid(78bf049e4586efa4d801c3b06ed48556) Importer(815301076,1909f56bfc062723c751e8b465ee728b)
Start importing Assets/Scenes/Boss_Village/Boss_Village.unity using Guid(78bf049e4586efa4d801c3b06ed48556) Importer(815301076,1909f56bfc062723c751e8b465ee728b)  -> (artifact id: 'e030e25334f402d276d074532855a7e2') in 0.021955 seconds
  Import took 0.120179 seconds .

========================================================================
Received Prepare
Registering precompiled user dll's ...
Registered in 0.001037 seconds.
Begin MonoManager ReloadAssembly
Native extension for WindowsStandalone target not found
Refreshing native plugins compatible for Editor in 0.77 ms, found 1 plugins.
Preloading 0 native plugins for Editor in 0.00 ms.
Invoked RoslynAnalysisRunner static constructor.
RoslynAnalysisRunner will not be running.
RoslynAnalysisRunner has terminated.
Mono: successfully reloaded assembly
- Completed reload, in  1.180 seconds
Platform modules already initialized, skipping
Refreshing native plugins compatible for Editor in 0.47 ms, found 1 plugins.
Preloading 0 native plugins for Editor in 0.00 ms.
Unloading 1888 Unused Serialized files (Serialized files now loaded: 0)
System memory in use before: 87.0 MB.
System memory in use after: 87.0 MB.

Unloading 12 unused Assets to reduce memory usage. Loaded Objects now: 2405.
Total: 3.636400 ms (FindLiveObjects: 0.336500 ms CreateObjectMapping: 0.093800 ms MarkObjects: 3.013200 ms  DeleteObjects: 0.191000 ms)

========================================================================
Received Import Request.
  Time since last request: 27.001896 seconds.
  path: Assets/Scenes/Boss_Village/Boss_Village.unity
  artifactKey: Guid(78bf049e4586efa4d801c3b06ed48556) Importer(815301076,1909f56bfc062723c751e8b465ee728b)
Start importing Assets/Scenes/Boss_Village/Boss_Village.unity using Guid(78bf049e4586efa4d801c3b06ed48556) Importer(815301076,1909f56bfc062723c751e8b465ee728b)  -> (artifact id: '72280438363e9611fc6d84107782fa0d') in 0.021539 seconds
  Import took 0.028916 seconds .

========================================================================
Received Import Request.
  Time since last request: 0.001552 seconds.
  path: Assets/Scenes/Boss_Village/Boss_Village.unity
  artifactKey: Guid(78bf049e4586efa4d801c3b06ed48556) Importer(815301076,1909f56bfc062723c751e8b465ee728b)
Start importing Assets/Scenes/Boss_Village/Boss_Village.unity using Guid(78bf049e4586efa4d801c3b06ed48556) Importer(815301076,1909f56bfc062723c751e8b465ee728b)  -> (artifact id: '72280438363e9611fc6d84107782fa0d') in 0.003731 seconds
  Import took 0.008256 seconds .

========================================================================
Received Prepare
Registering precompiled user dll's ...
Registered in 0.001043 seconds.
Begin MonoManager ReloadAssembly
Native extension for WindowsStandalone target not found
Refreshing native plugins compatible for Editor in 0.49 ms, found 1 plugins.
Preloading 0 native plugins for Editor in 0.00 ms.
Invoked RoslynAnalysisRunner static constructor.
RoslynAnalysisRunner will not be running.
RoslynAnalysisRunner has terminated.
Mono: successfully reloaded assembly
- Completed reload, in  1.169 seconds
Platform modules already initialized, skipping
Refreshing native plugins compatible for Editor in 0.47 ms, found 1 plugins.
Preloading 0 native plugins for Editor in 0.00 ms.
Unloading 1888 Unused Serialized files (Serialized files now loaded: 0)
System memory in use before: 87.0 MB.
System memory in use after: 87.0 MB.

Unloading 12 unused Assets to reduce memory usage. Loaded Objects now: 2409.
Total: 2.691200 ms (FindLiveObjects: 0.288800 ms CreateObjectMapping: 0.085200 ms MarkObjects: 2.165600 ms  DeleteObjects: 0.149700 ms)

========================================================================
Received Import Request.
  Time since last request: 58.039110 seconds.
  path: Assets/Scenes/Boss_Village/Boss_Village.unity
  artifactKey: Guid(78bf049e4586efa4d801c3b06ed48556) Importer(815301076,1909f56bfc062723c751e8b465ee728b)
Start importing Assets/Scenes/Boss_Village/Boss_Village.unity using Guid(78bf049e4586efa4d801c3b06ed48556) Importer(815301076,1909f56bfc062723c751e8b465ee728b)  -> (artifact id: 'fb3621dd06c7cc0639f0e813853b53e7') in 0.016339 seconds
  Import took 0.136383 seconds .

========================================================================
Received Prepare
Registering precompiled user dll's ...
Registered in 0.001055 seconds.
Begin MonoManager ReloadAssembly
Native extension for WindowsStandalone target not found
Refreshing native plugins compatible for Editor in 0.48 ms, found 1 plugins.
Preloading 0 native plugins for Editor in 0.00 ms.
Invoked RoslynAnalysisRunner static constructor.
RoslynAnalysisRunner will not be running.
RoslynAnalysisRunner has terminated.
Mono: successfully reloaded assembly
- Completed reload, in  1.159 seconds
Platform modules already initialized, skipping
Refreshing native plugins compatible for Editor in 0.51 ms, found 1 plugins.
Preloading 0 native plugins for Editor in 0.00 ms.
Unloading 1888 Unused Serialized files (Serialized files now loaded: 0)
System memory in use before: 87.0 MB.
System memory in use after: 87.0 MB.

Unloading 12 unused Assets to reduce memory usage. Loaded Objects now: 2413.
Total: 3.479800 ms (FindLiveObjects: 0.254400 ms CreateObjectMapping: 0.096800 ms MarkObjects: 2.964600 ms  DeleteObjects: 0.161300 ms)

========================================================================
Received Prepare
Registering precompiled user dll's ...
Registered in 0.001660 seconds.
Begin MonoManager ReloadAssembly
Native extension for WindowsStandalone target not found
Refreshing native plugins compatible for Editor in 0.55 ms, found 1 plugins.
Preloading 0 native plugins for Editor in 0.00 ms.
Invoked RoslynAnalysisRunner static constructor.
RoslynAnalysisRunner will not be running.
RoslynAnalysisRunner has terminated.
Mono: successfully reloaded assembly
- Completed reload, in  1.703 seconds
Platform modules already initialized, skipping
Refreshing native plugins compatible for Editor in 0.80 ms, found 1 plugins.
Preloading 0 native plugins for Editor in 0.00 ms.
Unloading 1888 Unused Serialized files (Serialized files now loaded: 0)
System memory in use before: 87.0 MB.
System memory in use after: 87.0 MB.

Unloading 12 unused Assets to reduce memory usage. Loaded Objects now: 2417.
Total: 4.458800 ms (FindLiveObjects: 0.384200 ms CreateObjectMapping: 0.123400 ms MarkObjects: 3.730700 ms  DeleteObjects: 0.217400 ms)

